// Jest Snapshot v1, https://goo.gl/fbAQLP

exports[`HomePage component should render homepage correctly 1`] = `
<section
  className="hero"
>
  <h2>
    Quell Your Hunger in Minutes
  </h2>
  <Link
    replace={false}
    to="/menu"
  >
    <button
      className="btn-primary"
      type="button"
    >
      Get Food ‚ü∂
    </button>
  </Link>
</section>
`;
