// Jest Snapshot v1, https://goo.gl/fbAQLP

exports[`<Loader /> should render correctly 1`] = `
<div
  className="loader"
>
  <img
    alt="loading gif"
    src="https://i.imgur.com/S39IaLt.gif"
  />
</div>
`;
