// Jest Snapshot v1, https://goo.gl/fbAQLP

exports[`LoginPage should render LoginPage correctly 1`] = `
<div>
  This is the login page.
  <br />
  <Link
    replace={false}
    to="/"
  >
    Go Home
  </Link>
</div>
`;
