// Jest Snapshot v1, https://goo.gl/fbAQLP

exports[`<MenuPage /> should render correctly 1`] = `
<MenuPage
  addToCart={
    [MockFunction] {
      "calls": Array [
        Array [
          Object {
            "foodId": 1,
            "foodName": "40 Lake",
            "foodPrice": 102,
          },
        ],
      ],
      "results": Array [
        Object {
          "isThrow": false,
          "value": undefined,
        },
      ],
    }
  }
  getMenu={
    [MockFunction] {
      "calls": Array [
        Array [],
        Array [],
        Array [],
      ],
      "results": Array [
        Object {
          "isThrow": false,
          "value": undefined,
        },
        Object {
          "isThrow": false,
          "value": undefined,
        },
        Object {
          "isThrow": false,
          "value": undefined,
        },
      ],
    }
  }
  history={
    Object {
      "push": [MockFunction] {
        "calls": Array [
          Array [
            "/login",
          ],
        ],
        "results": Array [
          Object {
            "isThrow": false,
            "value": undefined,
          },
        ],
      },
    }
  }
  isLoggedIn={false}
  menu={
    Array [
      Object {
        "food_image": "couple.png",
        "food_name": "40 Lake",
        "id": 1,
        "price": 102,
      },
    ]
  }
>
  <div
    className="wrapper"
  >
    <h2>
      Available Food Items
    </h2>
    <section
      className="container food-menu"
    >
      <FoodCard
        buttonCallback={[Function]}
        foodImage="couple.png"
        foodName="40 Lake"
        foodPrice={102}
        id={1}
        isAdmin={false}
        key="1"
      >
        <div
          className="food-card"
        >
          <img
            alt="40 Lake"
            className="food-image"
            src="couple.png"
          />
          <div
            className="food-details"
          >
            <div
              className="food-details__legend"
              data-foodid={1}
            >
              <h4>
                40 Lake
              </h4>
              <p>
                â‚¦
                102
              </p>
            </div>
            <div
              className="food-details__action"
            >
              <button
                onClick={[Function]}
                type="button"
              >
                buy
              </button>
            </div>
          </div>
        </div>
      </FoodCard>
    </section>
  </div>
</MenuPage>
`;
