// Jest Snapshot v1, https://goo.gl/fbAQLP

exports[`NotFoundPage should render NotFoundPage correctly 1`] = `
<div>
  Four-oh-Four
  <br />
  <Link
    replace={false}
    to="/"
  >
    Go Home
  </Link>
</div>
`;
